// Jest Snapshot v1, https://goo.gl/fbAQLP

exports[`text Component matches snapshot 1`] = `
<Text
  align="center"
  bold={true}
  color="blue"
  fontSize={16}
  lineHeight={18}
  marginBottom={20}
  marginLeft={20}
  marginTop={20}
  style={
    Array [
      Object {
        "color": "#007AFF",
        "fontFamily": "Roboto",
        "fontSize": 16,
        "fontWeight": "bold",
        "lineHeight": 18,
        "marginBottom": 20,
        "marginLeft": 20,
        "marginTop": 20,
        "textAlign": "center",
      },
    ]
  }
>
  Text Component
</Text>
`;
